acp.access_forbidden	403
acp.command_not_found	409
acp.config_update_failed	502
acp.mode_id_required	400
acp.mode_selection_unsupported	400
acp.mode_unavailable	400
acp.model_id_required	400
acp.model_selection_unsupported	400
acp.model_unavailable	400
acp.operation_failed	500
acp.reasoning_effort_required	400
acp.reasoning_effort_unavailable	400
acp.reasoning_selection_unsupported	400
acp.request_invalid	400
acp.runtime_conflict	409
acp.runtime_limit_reached	429
acp.runtime_not_found	404
acp_agent_auth_invalid	409
acp_agent_not_configured	400
acp_agent_not_enabled	403
acp_agent_not_found	400
acp_attachment_invalid	400
acp_attachment_unavailable	400
acp_discuss_unsupported	400
acp_display_args_invalid	400
acp_image_input_unsupported	400
acp_project_mode_invalid	400
acp_project_path_invalid	400
acp_runtime_busy	409
acp_runtime_owner_missing	409
acp_runtime_start_failed	500
agent.chat_model_not_configured	409
agent.provider_auth_failed	401
agent.provider_overloaded	503
agent.provider_permission_denied	502
agent.provider_quota_exhausted	402
agent.provider_rate_limited	429
agent.provider_request_rejected	502
agent.provider_unreachable	502
agent.response_interrupted	502
agent.response_timeout	504
agent.tool_timeout	504
agent_authorization.code_invalid	400
agent_authorization.expired	410
agent_authorization.failed	503
agent_authorization.limit	429
agent_authorization.not_ready	409
agent_credential.encryption_unavailable	503
agent_credential.forbidden	403
agent_credential.incompatible	422
agent_credential.materialization_failed	500
agent_credential.not_found	404
agent_credential.reauthorization_required	409
agent_credential.request_invalid	400
agent_credential.revoked	409
agent_credential.runtime_busy	409
agent_credential.usage_auth_expired	409
agent_credential.usage_unavailable	502
agent_dependency_missing	409
app.busy	409
app.dependencies_unavailable	503
app.not_found	404
app.operation_failed	500
app.prerequisite_failed	409
app.request_invalid	400
bot.name_invalid	400
bot.name_taken	409
bot_agent.default_in_use	409
bot_agent.invalid_metadata	400
bot_agent.invalid_runtime	400
bot_agent.name_taken	409
bot_agent.not_found	404
bot_agent.provider_direct_runtime	400
bot_agent.unavailable	409
bot_backup.bundle_invalid	400
bot_ready_update_failed	500
canceled	499
capability.access_denied	403
capability.approval_required	403
capability.not_found	404
capability.operation_failed	502
capability.request_invalid	400
channel.binding_required	409
channel.enable_failed	400
channel.runtime_unavailable	503
channel.verification_failed	502
channel.webhook_endpoint_invalid	400
chat.message_empty	400
codex_auth_token_missing	409
codex_oauth_incomplete	409
compaction.model_unavailable	400
connector.conflict	409
connector.not_configured	503
connector.not_found	404
connector.operation_failed	500
connector.request_invalid	400
connector.request_rejected	400
connector.upstream_unavailable	502
context.budget_unsatisfied	422
context.protected_overflow	422
context_lifecycle.access_denied	403
context_lifecycle.authentication_required	401
context_lifecycle.load_failed	500
context_lifecycle.not_found	404
context_lifecycle.request_invalid	400
elicitation_declined	422
external_agent.account_unbound	403
external_agent.container_workspace_required	409
external_agent.turn_replacement_unsupported	400
external_runtime.auth_required	409
external_runtime.context_window_exceeded	422
external_runtime.overloaded	503
external_runtime.rate_limited	429
external_runtime.request_blocked	422
external_runtime.session_resume_failed	502
external_runtime.unavailable	503
external_runtime.upstream_unreachable	502
external_runtime.usage_limited	429
fetch_provider.native_managed	409
group_chat_acp_unsupported	400
history.delete_failed	500
history_reset	409
hook.user_message_failed	400
http.bad_gateway	502
http.bad_request	400
http.conflict	409
http.forbidden	403
http.gateway_timeout	504
http.method_not_allowed	405
http.not_found	404
http.not_implemented	501
http.payload_too_large	413
http.service_unavailable	503
http.too_many_requests	429
http.unauthorized	401
http.unsupported_media_type	415
http.upgrade_required	426
internal	500
invalid_chat_runtime	400
mcp.endpoint_invalid	400
mcp.name_taken	409
mcp.oauth_client_id_required	400
mcp.oauth_discovery_failed	502
mcp.oauth_not_discovered	409
memory.compact_unsupported	501
native_history_lost	503
network.provider_not_configured	409
no_workspace_exec	403
oauth.state_invalid	400
profile.request_invalid	400
profile.title_model_invalid	400
profile.update_failed	500
provider.name_taken	409
provider_template.domain_invalid	400
provider_template.domain_mismatch	400
provider_template.not_found	404
provider_template.operation_failed	500
provider_template.request_invalid	400
queue.steer_unsupported	409
queue_admission_overloaded	429
queue_admission_unavailable	503
queue_capacity_exceeded	409
queue_follow_up_command_invalid	500
queue_follow_up_unsupported_channel	409
queue_invocation_conflict	409
queue_item_not_editable	403
queue_item_not_pending	409
queue_no_active_run	409
queue_request_invalid	400
queue_target_run_not_active	409
queue_unsupported_session	409
registry.app_install_failed	500
registry.app_invalid	502
registry.app_not_found	404
registry.unavailable	502
request.field_invalid	400
request.field_required	400
runtime_admission_orphaned	503
runtime_agent_command_stale	409
runtime_control.cancelled	409
runtime_control.command_unavailable	409
runtime_control.failed	500
runtime_control.forbidden	403
runtime_control.goal_requires_default_mode	409
runtime_control.mode_unavailable	400
runtime_control.request_invalid	400
runtime_control.steer_failed	409
runtime_control.thread_unavailable	409
runtime_control.unsupported	400
runtime_fence_activation_failed	503
runtime_live_backend_lost	503
runtime_owner_lease_expired	503
runtime_prompt_failed	502
runtime_reservation_declined	409
runtime_reservation_failed	503
runtime_run_failed	500
schedule.execution_timeout	504
schedule.model_conflict	400
schedule.model_required	409
schedule.model_unusable	400
schedule.run_target_conflict	400
schedule.session_mode_unsupported	409
search_provider.invalid_provider	400
search_provider.type_conflict	409
session.model_preference_conflict	409
session.not_found	404
session_runtime.abort_failed	500
session_runtime.history_inconsistent	500
session_runtime.interrupted	503
session_runtime.invocation_conflict	409
session_runtime.publish_failed	503
session_runtime.reset_conflict	409
session_runtime.reset_unavailable	503
session_runtime.session_busy	409
session_runtime.turn_incomplete	409
session_runtime.turn_not_latest	409
settings.reasoning_effort_invalid	400
settings.reasoning_options_unavailable	503
skill.builtin_read_only	409
skill.name_invalid	400
skill.name_taken	409
skill.not_found	404
skill.registry_read_only	409
skill.save_failed	500
slash.attachments_unsupported	400
slash.permission_denied	403
slash.requires_websocket	400
slash.reserved_metadata	400
slash.skill_activation_unsupported	409
slash.skill_ambiguous	409
slash.skill_context_too_large	400
slash.skill_disabled	409
slash.skill_not_found	404
slash.skill_not_usable	409
slash.skill_syntax_invalid	400
slash.too_many_skills	400
slash.unknown_command	400
slash.unsupported_in_web	400
tool_approval.ambiguous	409
tool_approval.expired	409
tool_approval.forbidden	403
tool_approval.not_found	404
tool_approval.operation_failed	500
tool_approval.request_invalid	400
tools_unavailable	503
tts.model_not_configured	409
tts.text_too_long	400
user.cannot_remove_self	400
user_input.expired	409
user_input.forbidden	403
user_input.operation_failed	500
video.job_outcome_unknown	502
workdir.git_branch_unavailable	400
workdir.git_busy	409
workdir.git_switch_failed	409
workdir.git_unavailable	500
workdir.remote_unsupported_for_agent	400
workspace.archive_invalid	400
workspace.display_prepare_failed	500
workspace.template_bootstrap_failed	500
workspace.unreachable	503
workspace_create_failed	500
workspace_create_request_invalid	400
workspace_delete_failed	500
workspace_dependency.action_unsupported	422
workspace_dependency.busy	409
workspace_dependency.catalog_unavailable	503
workspace_dependency.definition_invalid	502
workspace_dependency.definition_unavailable	503
workspace_dependency.discovery_failed	503
workspace_dependency.not_found	404
workspace_dependency.operation_failed	500
workspace_dependency.operation_interrupted	500
workspace_dependency.platform_unsupported	422
workspace_dependency.prerequisites_changed	409
workspace_dependency.request_invalid	400
workspace_dependency.required	409
workspace_dependency.rollback_unavailable	409
workspace_dependency.workspace_missing	409
workspace_dependency.workspace_not_running	409
workspace_dependency_operation_unknown	504
workspace_display_disabled	409
workspace_load_failed	500
workspace_manager_unavailable	500
workspace_metrics_load_failed	500
workspace_not_found	404
workspace_preserved_data_not_found	404
workspace_resource_limits_invalid	400
workspace_resource_limits_required	400
workspace_resource_limits_save_failed	500
workspace_restore_failed	500
workspace_setup_failed	500
workspace_setup_timeout	504
workspace_snapshot_chain_not_found	500
workspace_snapshot_create_failed	500
workspace_snapshot_manager_unavailable	500
workspace_snapshot_request_invalid	400
workspace_snapshot_rollback_failed	500
workspace_snapshot_rollback_request_invalid	400
workspace_snapshot_version_invalid	400
workspace_snapshots_load_failed	500
workspace_snapshots_unsupported	501
workspace_snapshotter_mismatch	400
workspace_start_failed	500
workspace_stop_failed	500
