acp.access_forbidden	403
acp.command_not_found	409
acp.config_update_failed	502
acp.mode_id_required	400
acp.mode_selection_unsupported	400
acp.mode_unavailable	400
acp.model_id_required	400
acp.model_selection_unsupported	400
acp.model_unavailable	400
acp.operation_failed	500
acp.reasoning_effort_required	400
acp.reasoning_effort_unavailable	400
acp.reasoning_selection_unsupported	400
acp.request_invalid	400
acp.runtime_conflict	409
acp.runtime_limit_reached	429
acp.runtime_not_found	404
agent.provider_auth_failed	401
agent.provider_overloaded	503
agent.provider_quota_exhausted	402
agent.provider_rate_limited	429
agent.response_interrupted	502
agent.response_timeout	504
agent_authorization.code_invalid	400
agent_authorization.expired	410
agent_authorization.failed	503
agent_authorization.limit	429
agent_authorization.not_ready	409
agent_credential.encryption_unavailable	503
agent_credential.forbidden	403
agent_credential.incompatible	422
agent_credential.materialization_failed	500
agent_credential.not_found	404
agent_credential.reauthorization_required	409
agent_credential.request_invalid	400
agent_credential.revoked	409
agent_credential.runtime_busy	409
app.busy	409
app.not_found	404
app.operation_failed	500
app.request_invalid	400
bot.name_taken	409
bot_agent.default_in_use	409
bot_agent.invalid_metadata	400
bot_agent.invalid_runtime	400
bot_agent.name_taken	409
bot_agent.not_found	404
bot_agent.unavailable	409
capability.access_denied	403
capability.approval_required	403
capability.not_found	404
capability.operation_failed	502
capability.request_invalid	400
channel.runtime_unavailable	503
channel.verification_failed	502
compaction.model_unavailable	400
connector.conflict	409
connector.not_configured	503
connector.not_found	404
connector.operation_failed	500
connector.request_invalid	400
connector.request_rejected	400
connector.upstream_unavailable	502
context.budget_unsatisfied	422
context.protected_overflow	422
context_lifecycle.access_denied	403
context_lifecycle.authentication_required	401
context_lifecycle.load_failed	500
context_lifecycle.not_found	404
context_lifecycle.request_invalid	400
elicitation_declined	422
external_agent.turn_replacement_unsupported	400
external_runtime.auth_required	409
external_runtime.session_resume_failed	502
external_runtime.unavailable	503
history.delete_failed	500
native_history_lost	503
profile.request_invalid	400
profile.title_model_invalid	400
profile.update_failed	500
provider.name_taken	409
provider_template.domain_invalid	400
provider_template.domain_mismatch	400
provider_template.not_found	404
provider_template.operation_failed	500
provider_template.request_invalid	400
queue.steer_unsupported	409
queue_admission_overloaded	429
queue_admission_unavailable	503
queue_capacity_exceeded	409
queue_item_not_editable	403
queue_item_not_pending	409
queue_no_active_run	409
queue_request_invalid	400
registry.app_install_failed	500
registry.app_invalid	502
registry.app_not_found	404
registry.unavailable	502
runtime_control.cancelled	409
runtime_control.command_unavailable	409
runtime_control.failed	500
runtime_control.forbidden	403
runtime_control.goal_requires_default_mode	409
runtime_control.mode_unavailable	400
runtime_control.request_invalid	400
runtime_control.steer_failed	409
runtime_control.thread_unavailable	409
runtime_control.unsupported	400
search_provider.type_conflict	409
session.model_preference_conflict	409
session_runtime.abort_failed	500
session_runtime.history_inconsistent	500
session_runtime.invocation_conflict	409
session_runtime.publish_failed	503
session_runtime.reset_conflict	409
session_runtime.reset_unavailable	503
session_runtime.session_busy	409
session_runtime.turn_incomplete	409
session_runtime.turn_not_latest	409
settings.reasoning_effort_invalid	400
settings.reasoning_options_unavailable	503
skill.builtin_read_only	409
skill.name_taken	409
skill.save_failed	500
tool_approval.ambiguous	409
tool_approval.expired	409
tool_approval.forbidden	403
tool_approval.not_found	404
tool_approval.operation_failed	500
tool_approval.request_invalid	400
tools_unavailable	503
user_input.expired	409
user_input.forbidden	403
user_input.operation_failed	500
workdir.git_branch_unavailable	400
workdir.git_busy	409
workdir.git_switch_failed	409
workdir.git_unavailable	500
workspace.display_prepare_failed	500
workspace.template_bootstrap_failed	500
workspace.unreachable	503
workspace_dependency.action_unsupported	422
workspace_dependency.busy	409
workspace_dependency.catalog_unavailable	503
workspace_dependency.definition_invalid	502
workspace_dependency.definition_unavailable	503
workspace_dependency.discovery_failed	503
workspace_dependency.not_found	404
workspace_dependency.operation_failed	500
workspace_dependency.platform_unsupported	422
workspace_dependency.request_invalid	400
workspace_dependency.rollback_unavailable	409
workspace_dependency.workspace_missing	409
workspace_dependency.workspace_not_running	409
